<html>
<body>
<pre>
<h1>µVision Build Log</h1>
<h2>Project:</h2>
C:\Users\Python\Desktop\PN\ARM\pn.uvproj
Project File Date:  11/19/2023

<h2>Output:</h2>
Build target 'Target 1'
assembling 5_kolokwium_skeleton.s...
5_kolokwium_skeleton.s(124): warning: A1581W: Added 2 bytes of padding at address 0x102
linking...
.\pn.sct(8): warning: L6314W: No section matches pattern *(InRoot$$Sections).
Program Size: Code=560 RO-data=0 RW-data=0 ZI-data=1160  
FromELF: creating hex file...
".\pn.axf" - 0 Errors, 2 Warning(s).
Build target 'Target 1'
assembling 5_kolokwium_skeleton.s...
5_kolokwium_skeleton.s(117): warning: A1581W: Added 2 bytes of padding at address 0xfe
linking...
.\pn.sct(8): warning: L6314W: No section matches pattern *(InRoot$$Sections).
Program Size: Code=556 RO-data=0 RW-data=0 ZI-data=1160  
FromELF: creating hex file...
".\pn.axf" - 0 Errors, 2 Warning(s).
Build target 'Target 1'
assembling 5_kolokwium_skeleton.s...
5_kolokwium_skeleton.s(123): warning: A1581W: Added 2 bytes of padding at address 0x102
linking...
.\pn.sct(8): warning: L6314W: No section matches pattern *(InRoot$$Sections).
Program Size: Code=560 RO-data=0 RW-data=0 ZI-data=1160  
FromELF: creating hex file...
".\pn.axf" - 0 Errors, 2 Warning(s).
Build target 'Target 1'
assembling 5_kolokwium_skeleton.s...
5_kolokwium_skeleton.s(123): warning: A1581W: Added 2 bytes of padding at address 0x102
linking...
.\pn.sct(8): warning: L6314W: No section matches pattern *(InRoot$$Sections).
Program Size: Code=560 RO-data=0 RW-data=0 ZI-data=1160  
FromELF: creating hex file...
".\pn.axf" - 0 Errors, 2 Warning(s).
Build target 'Target 1'
assembling 5_kolokwium_skeleton.s...
5_kolokwium_skeleton.s(123): warning: A1581W: Added 2 bytes of padding at address 0x102
linking...
.\pn.sct(8): warning: L6314W: No section matches pattern *(InRoot$$Sections).
Program Size: Code=560 RO-data=0 RW-data=0 ZI-data=1160  
FromELF: creating hex file...
".\pn.axf" - 0 Errors, 2 Warning(s).
Build target 'Target 1'
assembling 5_kolokwium_skeleton.s...
5_kolokwium_skeleton.s(77): error: A1137E: Unexpected characters at end of line
".\pn.axf" - 1 Errors, 0 Warning(s).
Target not created
Build target 'Target 1'
assembling 5_kolokwium_skeleton.s...
5_kolokwium_skeleton.s(123): warning: A1581W: Added 2 bytes of padding at address 0x102
linking...
.\pn.sct(8): warning: L6314W: No section matches pattern *(InRoot$$Sections).
Program Size: Code=560 RO-data=0 RW-data=0 ZI-data=1160  
FromELF: creating hex file...
".\pn.axf" - 0 Errors, 2 Warning(s).
Build target 'Target 1'
assembling 5_kolokwium_skeleton.s...
5_kolokwium_skeleton.s(123): warning: A1581W: Added 2 bytes of padding at address 0x102
linking...
.\pn.sct(8): warning: L6314W: No section matches pattern *(InRoot$$Sections).
Program Size: Code=560 RO-data=0 RW-data=0 ZI-data=1160  
FromELF: creating hex file...
".\pn.axf" - 0 Errors, 2 Warning(s).
Build target 'Target 1'
assembling 5_kolokwium_skeleton.s...
5_kolokwium_skeleton.s(78): warning: A1865W: '#' not seen before constant expression
5_kolokwium_skeleton.s(78): error: A1516E: Bad symbol 'CURRENT_DIGITD', not defined or external
5_kolokwium_skeleton.s(123): warning: A1581W: Added 2 bytes of padding at address 0xf6
".\pn.axf" - 1 Errors, 2 Warning(s).
Target not created
Build target 'Target 1'
assembling 5_kolokwium_skeleton.s...
5_kolokwium_skeleton.s(123): warning: A1581W: Added 2 bytes of padding at address 0xf6
linking...
.\pn.sct(8): warning: L6314W: No section matches pattern *(InRoot$$Sections).
Program Size: Code=548 RO-data=0 RW-data=0 ZI-data=1160  
FromELF: creating hex file...
".\pn.axf" - 0 Errors, 2 Warning(s).
Build target 'Target 1'
assembling 5_kolokwium_skeleton.s...
5_kolokwium_skeleton.s(120): warning: A1581W: Added 2 bytes of padding at address 0xf6
linking...
.\pn.sct(8): warning: L6314W: No section matches pattern *(InRoot$$Sections).
Program Size: Code=548 RO-data=0 RW-data=0 ZI-data=1160  
FromELF: creating hex file...
".\pn.axf" - 0 Errors, 2 Warning(s).
Build target 'Target 1'
assembling 5_kolokwium_skeleton.s...
5_kolokwium_skeleton.s(112): warning: A1581W: Added 2 bytes of padding at address 0xf6
linking...
.\pn.sct(8): warning: L6314W: No section matches pattern *(InRoot$$Sections).
Program Size: Code=548 RO-data=0 RW-data=0 ZI-data=1160  
FromELF: creating hex file...
".\pn.axf" - 0 Errors, 2 Warning(s).
Build target 'Target 1'
assembling 5_kolokwium_skeleton.s...
5_kolokwium_skeleton.s(112): warning: A1581W: Added 2 bytes of padding at address 0xf6
linking...
.\pn.sct(8): warning: L6314W: No section matches pattern *(InRoot$$Sections).
Program Size: Code=548 RO-data=0 RW-data=0 ZI-data=1160  
FromELF: creating hex file...
".\pn.axf" - 0 Errors, 2 Warning(s).
Build target 'Target 1'
assembling 5_kolokwium_skeleton.s...
5_kolokwium_skeleton.s(112): warning: A1581W: Added 2 bytes of padding at address 0xf6
linking...
.\pn.sct(8): warning: L6314W: No section matches pattern *(InRoot$$Sections).
Program Size: Code=548 RO-data=0 RW-data=0 ZI-data=1160  
FromELF: creating hex file...
".\pn.axf" - 0 Errors, 2 Warning(s).
Build target 'Target 1'
assembling 5_kolokwium_skeleton.s...
5_kolokwium_skeleton.s(112): warning: A1581W: Added 2 bytes of padding at address 0xf6
linking...
.\pn.sct(8): warning: L6314W: No section matches pattern *(InRoot$$Sections).
Program Size: Code=548 RO-data=0 RW-data=0 ZI-data=1160  
FromELF: creating hex file...
".\pn.axf" - 0 Errors, 2 Warning(s).
